<html>
  <head>
    <title>Includes test</title>
  </head>
  <body>
    <div class="header">
<header>
  <h1>Header</h1>
</header>

    </div>

    <div class="body">
      <p>Hello world</p>
    </div>

    <div class="footer">
<footer>
  <h1>Footer</h1>
</footer>

    </div>
  </body>
</html>
